// Jest Snapshot v1, https://goo.gl/fbAQLP

exports[`CommissionsService getCommissionsBreakdownForAffiliate return the affiliate commission breakdown against the projectIds and affiliate type 1`] = `
Object {
  "1": Object {
    "flat_commission": Object {
      "1": Array [
        Object {
          "additionalCommission": null,
          "affiliateTypeId": 1,
          "classifiedCredits": null,
          "commission": 2.5,
          "commissionType": "flat_commission",
          "createdAt": "2021-04-30 00:00:00",
          "createdBy": 483,
          "downPayment": 30,
          "endDate": null,
          "id": 1,
          "inventorySizeFrom": null,
          "inventorySizeTo": null,
          "inventoryType": null,
          "projectId": 1,
          "propertyTypeId": 1,
          "sellingPrice": null,
          "soldUnitsMax": null,
          "soldUnitsMin": null,
          "startDate": null,
          "totalCommission": null,
          "updatedAt": "2021-04-30 00:00:00",
        },
      ],
    },
  },
  "2": Object {
    "discount_model": Object {
      "2": Array [
        Object {
          "additionalCommission": null,
          "affiliateTypeId": 1,
          "classifiedCredits": null,
          "commission": 2,
          "commissionType": "discount_model",
          "createdAt": "2021-04-30 00:00:00",
          "createdBy": 483,
          "downPayment": 30,
          "endDate": null,
          "id": 2,
          "inventorySizeFrom": null,
          "inventorySizeTo": null,
          "inventoryType": null,
          "projectId": 2,
          "propertyTypeId": 2,
          "sellingPrice": 91,
          "soldUnitsMax": null,
          "soldUnitsMin": null,
          "startDate": null,
          "totalCommission": null,
          "updatedAt": "2021-04-30 00:00:00",
        },
        Object {
          "additionalCommission": null,
          "affiliateTypeId": 1,
          "classifiedCredits": null,
          "commission": 3,
          "commissionType": "discount_model",
          "createdAt": "2021-04-30 00:00:00",
          "createdBy": 483,
          "downPayment": 30,
          "endDate": null,
          "id": 3,
          "inventorySizeFrom": null,
          "inventorySizeTo": null,
          "inventoryType": null,
          "projectId": 2,
          "propertyTypeId": 2,
          "sellingPrice": 93,
          "soldUnitsMax": null,
          "soldUnitsMin": null,
          "startDate": null,
          "totalCommission": null,
          "updatedAt": "2021-04-30 00:00:00",
        },
      ],
    },
  },
  "3": Object {
    "unit_sold": Object {
      "3": Array [
        Object {
          "additionalCommission": null,
          "affiliateTypeId": 1,
          "classifiedCredits": null,
          "commission": 3,
          "commissionType": "unit_sold",
          "createdAt": "2021-04-30 00:00:00",
          "createdBy": 483,
          "downPayment": 30,
          "endDate": null,
          "id": 4,
          "inventorySizeFrom": null,
          "inventorySizeTo": null,
          "inventoryType": null,
          "projectId": 3,
          "propertyTypeId": 3,
          "sellingPrice": null,
          "soldUnitsMax": null,
          "soldUnitsMin": null,
          "startDate": null,
          "totalCommission": null,
          "updatedAt": "2021-04-30 00:00:00",
        },
      ],
      "4": Array [
        Object {
          "additionalCommission": null,
          "affiliateTypeId": 1,
          "classifiedCredits": null,
          "commission": 4,
          "commissionType": "unit_sold",
          "createdAt": "2021-04-30 00:00:00",
          "createdBy": 483,
          "downPayment": 30,
          "endDate": null,
          "id": 5,
          "inventorySizeFrom": null,
          "inventorySizeTo": null,
          "inventoryType": null,
          "projectId": 3,
          "propertyTypeId": 4,
          "sellingPrice": null,
          "soldUnitsMax": null,
          "soldUnitsMin": null,
          "startDate": null,
          "totalCommission": null,
          "updatedAt": "2021-04-30 00:00:00",
        },
      ],
    },
  },
}
`;
